[01:53:34.834632] (system)	Session started.
[01:53:34.835632] (debug)	Module handle: 71D80000

MoonLoader v.026.5-beta loaded.
Developers: FYP, hnnssy, EvgeN 1137

Copyright (c) 2016, BlastHack Team
http://blast.hk/moonloader/

[01:53:34.835632] (info)	Working directory: C:\Games\GTA San Andreas\moonloader
[01:53:34.835632] (debug)	FP Control: 0009001F
[01:53:34.835632] (debug)	Game: GTA SA 1.0.0.0 US
[01:53:34.835632] (system)	Installing pre-game hooks...
[01:53:34.837631] (system)	Hooks installed.
[01:53:36.524158] (debug)	Initializing opcode handler table
[01:53:36.524158] (debug)	package.path = C:\Games\GTA San Andreas\moonloader\lib\?.lua;C:\Games\GTA San Andreas\moonloader\lib\?\init.lua;C:\Games\GTA San Andreas\moonloader\?.lua;C:\Games\GTA San Andreas\moonloader\?\init.lua;.\?.lua;C:\Games\GTA San Andreas\moonloader\lib\?.luac;C:\Games\GTA San Andreas\moonloader\lib\?\init.luac;C:\Games\GTA San Andreas\moonloader\?.luac;C:\Games\GTA San Andreas\moonloader\?\init.luac;.\?.luac
[01:53:36.524158] (debug)	package.cpath = C:\Games\GTA San Andreas\moonloader\lib\?.dll;
[01:53:36.527158] (system)	Loading script 'C:\Games\GTA San Andreas\moonloader\BagSpot.lua'...
[01:53:36.527158] (debug)	New script: 103F9E54
[01:53:36.811327] (system)	BagSpot: Loaded successfully.
[01:53:36.811327] (system)	Loading script 'C:\Games\GTA San Andreas\moonloader\mixscript.lua'...
[01:53:36.811327] (debug)	New script: 16013E4C
[01:53:36.825591] (system)	MixScript: Loaded successfully.
[01:53:36.825591] (system)	Loading script 'C:\Games\GTA San Andreas\moonloader\MoneybagHunter.lua'...
[01:53:36.825591] (debug)	New script: 103A8404
[01:53:36.840592] (system)	Moneybag Hunter: Loaded successfully.
[01:53:47.244172] (system)	Installing post-load hooks...
[01:53:47.244172] (system)	Hooks installed.
[02:38:08.848872] (system)	Unloading...
[02:38:08.848872] (system)	BagSpot: Script terminated. (103F9E54)
[02:38:08.850873] (system)	MixScript: Script terminated. (16013E4C)
[02:38:08.852875] (system)	Moneybag Hunter: Script terminated. (103A8404)
[02:38:08.869906] (system)	Session terminated.
