--- BagSpot Debug Log ---
[00:37:45] RAW: GoldPOT: Goldpot has not been found in 2 minutes and 13 seconds. 
[00:37:45] MISS: msg='GoldPOT: Goldpot has not been found in 2 minutes and 13 seconds.' 
[00:37:45] RAW: GoldPOT: Hint: Small SF Tunnel 
[00:37:45] RAW: GoldPOT: LaiR is on a streak of 1 find. 
[00:38:53] RAW: GoldPOT: LaiR(9) found in 201.436sec and is on a find streak of 2 finds. (+1XP +$5,000) 
[00:38:53] MyName='LaiR' 
[00:38:53] Name match: plain 'lair' 
[00:38:53] isMyBag=true 
[00:38:53] Respawn countdown: 30sec, bag=Moneybag 
[00:39:23] RAW: GoldPOT: Hunt begins for 1XP & $6,000! Hint: U Get Inn Motel 
[00:39:23] Countdown finished - RESPAWNED 
[00:39:42] RAW: GoldPOT: LaiR(9) found in 19.852sec and is on a find streak of 3 finds. (+1XP +$6,000) 
[00:39:42] MyName='LaiR' 
[00:39:42] Name match: plain 'lair' 
[00:39:42] isMyBag=true 
[00:39:42] Respawn countdown: 30sec, bag=Moneybag 
[00:40:12] Countdown finished - RESPAWNED 
[00:40:13] RAW: GoldPOT: Hunt begins for 2XP & $7,000! Hint: Breakable bridge 
[00:40:22] RAW: GoldPOT: LaiR(9) found in 09.031sec and is on a find streak of 4 finds. (+2XP +$7,000) 
[00:40:22] MyName='LaiR' 
[00:40:22] Name match: plain 'lair' 
[00:40:22] isMyBag=true 
[00:40:22] Respawn countdown: 30sec, bag=Moneybag 
[00:40:52] RAW: GoldPOT: Hunt begins for 2XP & $8,000! Hint: Pet Grooming 
[00:40:52] Countdown finished - RESPAWNED 
[00:41:06] RAW: GoldPOT: LaiR(9) found in 14.246sec and is on a find streak of 5 finds. (+2XP +$8,000) 
[00:41:06] MyName='LaiR' 
[00:41:06] Name match: plain 'lair' 
[00:41:06] isMyBag=true 
[00:41:06] Respawn countdown: 30sec, bag=Moneybag 
[00:41:36] Countdown finished - RESPAWNED 
[00:41:36] RAW: GoldPOT: Hunt begins for 2XP & $8,000! Hint: Village ruins 
[00:41:59] RAW: GoldPOT: LaiR(9) found in 22.998sec and is on a find streak of 6 finds. (+2XP +$8,000) 
[00:41:59] MyName='LaiR' 
[00:41:59] Name match: plain 'lair' 
[00:41:59] isMyBag=true 
[00:41:59] Respawn countdown: 30sec, bag=Moneybag 
[00:42:29] Countdown finished - RESPAWNED 
[00:42:29] RAW: GoldPOT: Hunt begins for 2XP & $8,000! Hint: Tee Pee Motel 
[00:42:53] RAW: GoldPOT: LaiR(9) found in 24.467sec and is on a find streak of 7 finds. (+2XP +$8,000) 
[00:42:53] MyName='LaiR' 
[00:42:53] Name match: plain 'lair' 
[00:42:53] isMyBag=true 
[00:42:53] Respawn countdown: 30sec, bag=Moneybag 
[00:43:23] Countdown finished - RESPAWNED 
[00:43:23] RAW: GoldPOT: Hunt begins for 2XP & $8,000! Hint: Olympic Market 
[00:43:55] RAW: GoldPOT: LaiR(9) found in 31.648sec and is on a find streak of 8 finds. (+2XP +$8,000) 
[00:43:55] MyName='LaiR' 
[00:43:55] Name match: plain 'lair' 
[00:43:55] isMyBag=true 
[00:43:55] Respawn countdown: 30sec, bag=Moneybag 
[00:44:25] Countdown finished - RESPAWNED 
[00:44:25] RAW: GoldPOT: Hunt begins for 2XP & $8,000! Hint: Rodeo Style Since 1888 
[00:44:45] RAW: GoldPOT: LaiR(9) found in 20.057sec and is on a find streak of 9 finds. (+2XP +$8,000) 
[00:44:45] MyName='LaiR' 
[00:44:45] Name match: plain 'lair' 
[00:44:45] isMyBag=true 
[00:44:45] Respawn countdown: 30sec, bag=Moneybag 
[00:45:15] Countdown finished - RESPAWNED 
[00:45:15] RAW: GoldPOT: Hunt begins for 2XP & $8,000! Hint: The Book Emporium 
[00:45:25] RAW: [GANG] Earned a goldstar for finding 5 goldpots in a row! 
[00:45:25] RAW: GoldPOT: LaiR(9) found in 10.301sec and is on a find streak of 10 finds. (+2XP +$8,000) 
[00:45:25] MyName='LaiR' 
[00:45:25] Name match: plain 'lair' 
[00:45:25] isMyBag=true 
[00:45:25] Respawn countdown: 30sec, bag=Moneybag 
[00:45:55] RAW: GoldPOT: Hunt begins for 2XP & $8,000! Hint: Drive Thru Mental Clinic 
[00:45:55] Countdown finished - RESPAWNED 
[00:46:27] RAW: GoldPOT: LaiR(9) found in 31.688sec and is on a find streak of 11 finds. (+2XP +$8,000) 
[00:46:27] MyName='LaiR' 
[00:46:27] Name match: plain 'lair' 
[00:46:27] isMyBag=true 
[00:46:27] Respawn countdown: 30sec, bag=Moneybag 
